// Jest Snapshot v1, https://goo.gl/fbAQLP

exports[`renders standard 1`] = `
<button
  className="dropdown-item"
  onClick={[MockFunction]}
>
  test
</button>
`;
