// Jest Snapshot v1, https://goo.gl/fbAQLP

exports[`renders empty 1`] = `
<div
  className="input-group-append"
/>
`;

exports[`renders with content and className 1`] = `
<div
  className="input-group-append append"
>
  <p>
    TEST
  </p>
</div>
`;
