// Jest Snapshot v1, https://goo.gl/fbAQLP

exports[`renders empty 1`] = `
<div
  className="input-group-prepend"
/>
`;

exports[`renders with content and className 1`] = `
<div
  className="input-group-prepend prepend"
>
  <p>
    TEST
  </p>
</div>
`;
