// Jest Snapshot v1, https://goo.gl/fbAQLP

exports[`render with className and name 1`] = `
<div
  className="btn bg-secondary"
  onClick={[MockFunction]}
>
  <button
    className="btn btn-xs text-danger"
  >
    âœ–
  </button>
</div>
`;
