// Jest Snapshot v1, https://goo.gl/fbAQLP

exports[`renders with className 1`] = `
<div
  className="close-icon-container"
>
  <span
    className="close-icon"
  >
    <svg
      enable-background="new 0 0 40 40"
      viewBox="0 0 40 40"
      xmlns="http://www.w3.org/2000/svg"
    >
      <line
        stroke="#000"
        stroke-linecap="round"
        stroke-miterlimit="10"
        stroke-width="2.5"
        x1="15"
        x2="25"
        y1="15"
        y2="25"
      />
      <line
        stroke="#000"
        stroke-linecap="round"
        stroke-miterlimit="10"
        stroke-width="2.5"
        x1="25"
        x2="15"
        y1="15"
        y2="25"
      />
    </svg>
  </span>
</div>
`;
