// Jest Snapshot v1, https://goo.gl/fbAQLP

exports[`render with className and name 1`] = `
<div
  className="help-toggler"
  onClick={[Function]}
  title="Aide"
>
  <button>
    Help
  </button>
</div>
`;
